current directory: /Users/yashdave00/Desktop/opensource/sidekiq-fiber/vendor/bundle/ruby/3.2.0/gems/io-event-1.11.2/ext
/Users/yashdave00/.rvm/rubies/ruby-3.2.2/bin/ruby extconf.rb
checking for whether -Wall is accepted as CFLAGS... yes
checking for whether -Wno-unknown-pragmas is accepted as CFLAGS... yes
checking for whether -std=c99 is accepted as CFLAGS... yes
checking for rb_ext_ractor_safe()... yes
checking for &rb_fiber_transfer()... yes
checking for -luring... no
checking for sys/epoll.h... no
checking for sys/event.h... yes
checking for sys/wait.h... yes
checking for sys/eventfd.h... no
checking for rb_io_descriptor()... yes
checking for &rb_process_status_wait()... no
checking for rb_fiber_current()... yes
checking for &rb_fiber_raise()... yes
checking for epoll_pwait2()... no
checking for ruby/io/buffer.h... yes
checking for rb_fiber_scheduler_blocking_operation_extract()... no
creating extconf.h
creating Makefile

current directory: /Users/yashdave00/Desktop/opensource/sidekiq-fiber/vendor/bundle/ruby/3.2.0/gems/io-event-1.11.2/ext
make DESTDIR\= sitearchdir\=./.gem.20260503-43700-8b2spb sitelibdir\=./.gem.20260503-43700-8b2spb clean

current directory: /Users/yashdave00/Desktop/opensource/sidekiq-fiber/vendor/bundle/ruby/3.2.0/gems/io-event-1.11.2/ext
make DESTDIR\= sitearchdir\=./.gem.20260503-43700-8b2spb sitelibdir\=./.gem.20260503-43700-8b2spb
compiling ./io/event/event.c
compiling ./io/event/time.c
compiling ./io/event/fiber.c
compiling ./io/event/selector/selector.c
compiling ./io/event/selector/kqueue.c
compiling ./io/event/interrupt.c
linking shared-object IO_Event.bundle
ld: warning: -multiply_defined is obsolete
ld: warning: ignoring duplicate libraries: '-lruby.3.2'

current directory: /Users/yashdave00/Desktop/opensource/sidekiq-fiber/vendor/bundle/ruby/3.2.0/gems/io-event-1.11.2/ext
make DESTDIR\= sitearchdir\=./.gem.20260503-43700-8b2spb sitelibdir\=./.gem.20260503-43700-8b2spb install
/usr/local/opt/coreutils/bin/ginstall -c -m 0755 IO_Event.bundle ./.gem.20260503-43700-8b2spb

current directory: /Users/yashdave00/Desktop/opensource/sidekiq-fiber/vendor/bundle/ruby/3.2.0/gems/io-event-1.11.2/ext
make DESTDIR\= sitearchdir\=./.gem.20260503-43700-8b2spb sitelibdir\=./.gem.20260503-43700-8b2spb clean
