current directory: /Users/yashdave00/Desktop/opensource/sidekiq-fiber/vendor/bundle/ruby/3.2.0/gems/json-2.19.4/ext/json/ext/parser
/Users/yashdave00/.rvm/rubies/ruby-3.2.2/bin/ruby extconf.rb
checking for rb_enc_interned_str() in ruby/encoding.h... yes
checking for rb_str_to_interned_str() in ruby.h... yes
checking for rb_hash_new_capa() in ruby.h... yes
checking for rb_hash_bulk_insert() in ruby.h... yes
checking for RUBY_TYPED_EMBEDDABLE in ruby.h... no
checking for whether -std=c99 is accepted as CFLAGS... yes
checking for x86intrin.h... yes
checking for cpuid.h... yes
creating Makefile

current directory: /Users/yashdave00/Desktop/opensource/sidekiq-fiber/vendor/bundle/ruby/3.2.0/gems/json-2.19.4/ext/json/ext/parser
make DESTDIR\= sitearchdir\=./.gem.20260503-43700-ij1cor sitelibdir\=./.gem.20260503-43700-ij1cor clean

current directory: /Users/yashdave00/Desktop/opensource/sidekiq-fiber/vendor/bundle/ruby/3.2.0/gems/json-2.19.4/ext/json/ext/parser
make DESTDIR\= sitearchdir\=./.gem.20260503-43700-ij1cor sitelibdir\=./.gem.20260503-43700-ij1cor
compiling parser.c
linking shared-object json/ext/parser.bundle
ld: warning: -multiply_defined is obsolete
ld: warning: ignoring duplicate libraries: '-lruby.3.2'

current directory: /Users/yashdave00/Desktop/opensource/sidekiq-fiber/vendor/bundle/ruby/3.2.0/gems/json-2.19.4/ext/json/ext/parser
make DESTDIR\= sitearchdir\=./.gem.20260503-43700-ij1cor sitelibdir\=./.gem.20260503-43700-ij1cor install
/usr/local/opt/coreutils/bin/ginstall -c -m 0755 parser.bundle ./.gem.20260503-43700-ij1cor/json/ext

current directory: /Users/yashdave00/Desktop/opensource/sidekiq-fiber/vendor/bundle/ruby/3.2.0/gems/json-2.19.4/ext/json/ext/parser
make DESTDIR\= sitearchdir\=./.gem.20260503-43700-ij1cor sitelibdir\=./.gem.20260503-43700-ij1cor clean
